 F000:0050	@	POST1_TEST01	; TEST.01: 286 PROCESSOR TEST (REAL MODE)
 F000:0187	@	POST1_TEST02	; TEST.02: ROM CHECKSUM TEST
 F000:01A3	@	POST1_TEST03	; TEST.03: VERIFY CMOS SHUTDOWN BYTE
 F000:01C9	@	POST1_TEST04	; TEST.04: 8254 CHECK TIMER 1 (ALL BITS ON)
 F000:01F7	@	POST1_TEST05	; TEST.05: 8254 CHECK TIMER 1 (ALL BITS OFF)
 F000:021D	@	POST1_TEST06	; TEST.06: 8237 DMA 0 INITIALIZATION
 F000:025F	@	POST1_TEST07	; TEST.07: 8237 DMA 1 INITIALIZATION
 F000:02D4	@	POST1_TEST08	; TEST.08: DMA PAGE REGISTER TEST
 F000:0327	@	POST1_TEST09	; TEST.09: STORAGE REFRESH TEST
 F000:033D	@	POST1_TEST10	; TEST.10: 8042 INTERFACE TEST
 F000:03B7	@	POST1_TEST11	; TEST.11: BASE 64K R/W STORAGE TEST
 F000:05D6	@	POST1_TEST11A	; TEST.11A: VERIFY GDT/IDT INSTRUCTIONS
 F000:06BE	@	POST1_TEST12	; TEST.12: VERIFY CMOS CHECKSUM
 F000:0780	@	POST1_TEST13	; TEST.13: PROTECTED MODE TEST
 F000:086E	@	POST1_TEST13A	; TEST.13A: MEMORY SIZE TEST (ABOVE 1024K)
 F000:0A99	@	POST1_TEST14	; TEST.14: INITIALIZE CRT CONTROLLER
 F000:0B0D	@	POST1_TEST15	; TEST.15: VIDEO LINE TEST
 F000:0B1D	@	POST1_TEST16	; TEST.16: CRT INTERFACE LINES TEST
 F000:0C25	@	MFG_BOOT		; MANUFACTURING BOOT TEST CODE ROUTINE
